// Jest Snapshot v1, https://goo.gl/fbAQLP

exports[`Matches shallow shapshot 1`] = `
<div
  className="src-shared-components-challenge-listing-Filters-FiltersPanel-___style__filter-btn___1f3VV"
  onClick={[Function]}
  onKeyDown={[Function]}
  role="button"
  tabIndex={0}
>
  <FiltersIcon
    className="src-shared-components-challenge-listing-Filters-FiltersPanel-___style__FiltersIcon___taLss"
    height="16"
    viewBox="0 0 16 16"
    width="16"
  />
   More Filters
</div>
`;

exports[`Matches shallow shapshot 2`] = `
<div
  className="src-shared-components-challenge-listing-Filters-FiltersPanel-___style__FiltersPanel___1XPn6"
>
  <div
    className="src-shared-components-challenge-listing-Filters-FiltersPanel-___style__header___dbqVu"
  >
    <span
      className="src-shared-components-challenge-listing-Filters-FiltersPanel-___style__title___n4gdC"
    >
      Filters
    </span>
    <span
      className="src-shared-components-challenge-listing-Filters-FiltersPanel-___style__close-icon___2EeEO"
      onClick={[Function]}
      onKeyPress={[Function]}
    >
      <UiSimpleRemove
        className="cross"
        height="16"
        viewBox="0 0 16 16"
        width="16"
        xmlns="http://www.w3.org/2000/svg"
      />
    </span>
  </div>
  <div
    className="src-shared-components-challenge-listing-Filters-FiltersPanel-___style__filters___3um3W"
  >
    <div
      className="src-shared-components-challenge-listing-Filters-FiltersPanel-___style__filter-row___2Vfd_"
    >
      <div
        className="src-shared-components-challenge-listing-Filters-FiltersPanel-___style__filter___1-QUz src-shared-components-challenge-listing-Filters-FiltersPanel-___style__track___1_Z_F"
      >
        <span
          className="src-shared-components-challenge-listing-Filters-FiltersPanel-___style__label___3W9TU"
        >
          Track
        </span>
        <div
          className="src-shared-components-challenge-listing-Filters-FiltersPanel-___style__switches___10Wrx"
        >
          <span
            aria-label="Design toggle button pressed Off"
            className="src-shared-components-challenge-listing-Filters-FiltersPanel-___style__filter-switch-with-label___l-b1a"
            role="switch"
          >
            <ThemedSwitchWithLabel
              composeAdhocTheme="deeply"
              composeContextTheme="softly"
              enabled={false}
              labelAfter=""
              labelBefore="Design"
              mapThemrProps={[Function]}
              onSwitch={[Function]}
              themePriority="adhoc-context-default"
            />
          </span>
          <span
            aria-label="Development toggle button pressed Off"
            className="src-shared-components-challenge-listing-Filters-FiltersPanel-___style__filter-switch-with-label___l-b1a"
            role="switch"
          >
            <ThemedSwitchWithLabel
              composeAdhocTheme="deeply"
              composeContextTheme="softly"
              enabled={false}
              labelAfter=""
              labelBefore="Development"
              mapThemrProps={[Function]}
              onSwitch={[Function]}
              themePriority="adhoc-context-default"
            />
          </span>
          <span
            aria-label="Data Science toggle button pressed Off"
            className="src-shared-components-challenge-listing-Filters-FiltersPanel-___style__filter-switch-with-label___l-b1a"
            role="switch"
          >
            <ThemedSwitchWithLabel
              composeAdhocTheme="deeply"
              composeContextTheme="softly"
              enabled={false}
              labelAfter=""
              labelBefore="Data Science"
              mapThemrProps={[Function]}
              onSwitch={[Function]}
              themePriority="adhoc-context-default"
            />
          </span>
          <span
            aria-label="QA toggle button pressed Off"
            className="src-shared-components-challenge-listing-Filters-FiltersPanel-___style__filter-switch-with-label___l-b1a"
            role="switch"
          >
            <ThemedSwitchWithLabel
              composeAdhocTheme="deeply"
              composeContextTheme="softly"
              enabled={false}
              labelAfter=""
              labelBefore="QA"
              mapThemrProps={[Function]}
              onSwitch={[Function]}
              themePriority="adhoc-context-default"
            />
          </span>
        </div>
      </div>
    </div>
    <div
      className="src-shared-components-challenge-listing-Filters-FiltersPanel-___style__filter-row___2Vfd_"
    >
      <div
        className="src-shared-components-challenge-listing-Filters-FiltersPanel-___style__filter___1-QUz src-shared-components-challenge-listing-Filters-FiltersPanel-___style__challenge-type___30Q7l"
      >
        <span
          className="src-shared-components-challenge-listing-Filters-FiltersPanel-___style__label___3W9TU"
        >
          Challenge Type
        </span>
        <div
          className="src-shared-components-challenge-listing-Filters-FiltersPanel-___style__checkboxes___3ukXp"
        />
      </div>
    </div>
    <div
      className="src-shared-components-challenge-listing-Filters-FiltersPanel-___style__filter-row___2Vfd_"
    >
      <div
        className="src-shared-components-challenge-listing-Filters-FiltersPanel-___style__filter___1-QUz src-shared-components-challenge-listing-Filters-FiltersPanel-___style__filter___1-QUz src-shared-components-challenge-listing-Filters-FiltersPanel-___style__community___3EFG7"
      >
        <label
          className="src-shared-components-challenge-listing-Filters-FiltersPanel-___style__label___3W9TU"
          htmlFor="community-select"
        >
          Sub community
          <input
            type="hidden"
          />
        </label>
        <Select
          autoBlur={true}
          clearable={false}
          id="community-select"
          onChange={[Function]}
          options={
            Array [
              Object {
                "data": <div>
                  Sample community
                </div>,
                "label": "Sample community",
                "name": "Sample community",
                "value": "123",
              },
            ]
          }
          selectRef={[Function]}
          simpleValue={true}
          value=""
          valueRenderer={[Function]}
        />
      </div>
    </div>
  </div>
  <div
    className="src-shared-components-challenge-listing-Filters-FiltersPanel-___style__buttons___2r3xW"
  >
    <ThemedButton
      active={false}
      composeAdhocTheme="deeply"
      composeContextTheme="softly"
      disabled={false}
      enforceA={false}
      mapThemrProps={[Function]}
      onClick={[Function]}
      onMouseDown={null}
      openNewTab={false}
      replace={false}
      size="sm"
      theme={
        Object {
          "button": undefined,
        }
      }
      themePriority="adhoc-default-context"
      to={null}
      type="button"
    >
      Clear filters
    </ThemedButton>
  </div>
</div>
`;
