// Jest Snapshot v1, https://goo.gl/fbAQLP

exports[`Matches shallow shapshot 1`] = `
<div
  className="src-shared-components-challenge-listing-Sidebar-___style__SideBarFilters___3XfDi"
>
  <ul
    className="src-shared-components-challenge-listing-Sidebar-___style__StatusBar___3d-0u"
  >
    <li
      className="src-shared-components-challenge-listing-Sidebar-___style__Status___2_KAp src-shared-components-challenge-listing-Sidebar-___style__active___2oOZN"
      onClick={[Function]}
      onKeyDown={[Function]}
      role="presentation"
    >
      Active
    </li>
    <li
      className="src-shared-components-challenge-listing-Sidebar-___style__Status___2_KAp"
      onClick={[Function]}
      onKeyDown={[Function]}
      role="presentation"
    >
      Past Challenges
    </li>
  </ul>
  <div
    className="src-shared-components-challenge-listing-Sidebar-___style__FilterBox___2Fea8"
  >
    <BucketSelector
      activeBucket="activeBucket"
      disabled={false}
      expanding={false}
      isAuth={false}
      past={false}
      selectBucket={[MockFunction]}
    />
  </div>
</div>
`;

exports[`Matches shallow shapshot 2`] = `
<div
  className="src-shared-components-challenge-listing-Sidebar-___style__SideBarFilters___3XfDi"
>
  <ul
    className="src-shared-components-challenge-listing-Sidebar-___style__StatusBar___3d-0u"
  >
    <li
      className="src-shared-components-challenge-listing-Sidebar-___style__Status___2_KAp src-shared-components-challenge-listing-Sidebar-___style__active___2oOZN"
      onClick={[Function]}
      onKeyDown={[Function]}
      role="presentation"
    >
      Active
    </li>
    <li
      className="src-shared-components-challenge-listing-Sidebar-___style__Status___2_KAp"
      onClick={[Function]}
      onKeyDown={[Function]}
      role="presentation"
    >
      Past Challenges
    </li>
  </ul>
  <div
    className="src-shared-components-challenge-listing-Sidebar-___style__FilterBox___2Fea8"
  >
    <BucketSelector
      activeBucket="activeBucket"
      disabled={false}
      expanding={false}
      isAuth={false}
      past={false}
      selectBucket={[MockFunction]}
    />
  </div>
</div>
`;
